I'm sorry, but errors were detected in your script. Please correct the
errors listed below, and try again.


File "game/script.rpy", line 102: Line is indented, but the preceding say statement statement does not expect a block. Please check this line's indentation. You may have forgotten a colon (:).
    jump enter_name
    ^

Ren'Py Version: Ren'Py 8.3.2.24090902
Thu Sep 19 08:53:15 2024
